Preflight OK: MOCK; 54 measured rows. Cold=fresh process, OS cache retained. Warm=reopen DeltaTable each time.
[1/54] cold run=0 baseline/q_main plan=0.133327s scan=1.522799s files=20/20 ETA ~1.6 min (warm-up excluded)
[2/54] cold run=0 baseline/q_alt plan=0.132588s scan=0.021418s files=20/20 ETA ~0.9 min (warm-up excluded)
[3/54] cold run=0 baseline/q_empty plan=0.129870s scan=0.000001s files=0/20 ETA ~0.7 min (warm-up excluded)
[4/54] cold run=0 opt_a_checkpoint/q_main plan=0.133081s scan=0.022113s files=20/20 ETA ~0.6 min (warm-up excluded)
[5/54] cold run=0 opt_a_checkpoint/q_alt plan=0.131980s scan=0.022507s files=20/20 ETA ~0.5 min (warm-up excluded)
[6/54] cold run=0 opt_a_checkpoint/q_empty plan=0.130900s scan=0.000001s files=0/20 ETA ~0.4 min (warm-up excluded)
[7/54] cold run=0 opt_b_sorted/q_main plan=0.134674s scan=0.017084s files=1/20 ETA ~0.4 min (warm-up excluded)
[8/54] cold run=0 opt_b_sorted/q_alt plan=0.132020s scan=0.021913s files=20/20 ETA ~0.4 min (warm-up excluded)
[9/54] cold run=0 opt_b_sorted/q_empty plan=0.133119s scan=0.000001s files=0/20 ETA ~0.3 min (warm-up excluded)
[10/54] cold run=1 baseline/q_main plan=0.132425s scan=0.022389s files=20/20 ETA ~0.3 min (warm-up excluded)
[11/54] cold run=1 baseline/q_alt plan=0.129753s scan=0.021447s files=20/20 ETA ~0.3 min (warm-up excluded)
[12/54] cold run=1 baseline/q_empty plan=0.138335s scan=0.000001s files=0/20 ETA ~0.3 min (warm-up excluded)
[13/54] cold run=1 opt_a_checkpoint/q_main plan=0.130075s scan=0.021298s files=20/20 ETA ~0.3 min (warm-up excluded)
[14/54] cold run=1 opt_a_checkpoint/q_alt plan=0.133672s scan=0.021410s files=20/20 ETA ~0.3 min (warm-up excluded)
[15/54] cold run=1 opt_a_checkpoint/q_empty plan=0.132339s scan=0.000001s files=0/20 ETA ~0.2 min (warm-up excluded)
[16/54] cold run=1 opt_b_sorted/q_main plan=0.132630s scan=0.016201s files=1/20 ETA ~0.2 min (warm-up excluded)
[17/54] cold run=1 opt_b_sorted/q_alt plan=0.129809s scan=0.022054s files=20/20 ETA ~0.2 min (warm-up excluded)
[18/54] cold run=1 opt_b_sorted/q_empty plan=0.131009s scan=0.000001s files=0/20 ETA ~0.2 min (warm-up excluded)
[19/54] cold run=2 baseline/q_main plan=0.136793s scan=0.022007s files=20/20 ETA ~0.2 min (warm-up excluded)
[20/54] cold run=2 baseline/q_alt plan=0.133250s scan=0.021788s files=20/20 ETA ~0.2 min (warm-up excluded)
[21/54] cold run=2 baseline/q_empty plan=0.134545s scan=0.000001s files=0/20 ETA ~0.2 min (warm-up excluded)
[22/54] cold run=2 opt_a_checkpoint/q_main plan=0.129071s scan=0.021112s files=20/20 ETA ~0.2 min (warm-up excluded)
[23/54] cold run=2 opt_a_checkpoint/q_alt plan=0.131750s scan=0.021641s files=20/20 ETA ~0.2 min (warm-up excluded)
[24/54] cold run=2 opt_a_checkpoint/q_empty plan=0.132431s scan=0.000001s files=0/20 ETA ~0.2 min (warm-up excluded)
[25/54] cold run=2 opt_b_sorted/q_main plan=0.129059s scan=0.016236s files=1/20 ETA ~0.2 min (warm-up excluded)
[26/54] cold run=2 opt_b_sorted/q_alt plan=0.135894s scan=0.022030s files=20/20 ETA ~0.2 min (warm-up excluded)
[27/54] cold run=2 opt_b_sorted/q_empty plan=0.131686s scan=0.000001s files=0/20 ETA ~0.2 min (warm-up excluded)
[28/54] warm run=0 baseline/q_main plan=0.001817s scan=0.005617s files=20/20 ETA ~0.1 min (warm-up excluded)
[29/54] warm run=0 baseline/q_alt plan=0.001855s scan=0.005637s files=20/20 ETA ~0.1 min (warm-up excluded)
[30/54] warm run=0 baseline/q_empty plan=0.001769s scan=0.000001s files=0/20 ETA ~0.1 min (warm-up excluded)
[31/54] warm run=0 opt_a_checkpoint/q_main plan=0.001329s scan=0.005448s files=20/20 ETA ~0.1 min (warm-up excluded)
[32/54] warm run=0 opt_a_checkpoint/q_alt plan=0.001303s scan=0.005285s files=20/20 ETA ~0.1 min (warm-up excluded)
[33/54] warm run=0 opt_a_checkpoint/q_empty plan=0.001384s scan=0.000001s files=0/20 ETA ~0.0 min (warm-up excluded)
[34/54] warm run=0 opt_b_sorted/q_main plan=0.001198s scan=0.000357s files=1/20 ETA ~0.0 min (warm-up excluded)
[35/54] warm run=0 opt_b_sorted/q_alt plan=0.001266s scan=0.005386s files=20/20 ETA ~0.0 min (warm-up excluded)
[36/54] warm run=0 opt_b_sorted/q_empty plan=0.001255s scan=0.000001s files=0/20 ETA ~0.0 min (warm-up excluded)
[37/54] warm run=1 baseline/q_main plan=0.001554s scan=0.005435s files=20/20 ETA ~0.0 min (warm-up excluded)
[38/54] warm run=1 baseline/q_alt plan=0.001620s scan=0.005617s files=20/20 ETA ~0.0 min (warm-up excluded)
[39/54] warm run=1 baseline/q_empty plan=0.001720s scan=0.000001s files=0/20 ETA ~0.0 min (warm-up excluded)
[40/54] warm run=1 opt_a_checkpoint/q_main plan=0.001270s scan=0.005246s files=20/20 ETA ~0.0 min (warm-up excluded)
[41/54] warm run=1 opt_a_checkpoint/q_alt plan=0.001215s scan=0.005238s files=20/20 ETA ~0.0 min (warm-up excluded)
[42/54] warm run=1 opt_a_checkpoint/q_empty plan=0.001190s scan=0.000001s files=0/20 ETA ~0.0 min (warm-up excluded)
[43/54] warm run=1 opt_b_sorted/q_main plan=0.001176s scan=0.000299s files=1/20 ETA ~0.0 min (warm-up excluded)
[44/54] warm run=1 opt_b_sorted/q_alt plan=0.001163s scan=0.005338s files=20/20 ETA ~0.0 min (warm-up excluded)
[45/54] warm run=1 opt_b_sorted/q_empty plan=0.001242s scan=0.000001s files=0/20 ETA ~0.0 min (warm-up excluded)
[46/54] warm run=2 baseline/q_main plan=0.001512s scan=0.005323s files=20/20 ETA ~0.0 min (warm-up excluded)
[47/54] warm run=2 baseline/q_alt plan=0.001722s scan=0.005170s files=20/20 ETA ~0.0 min (warm-up excluded)
[48/54] warm run=2 baseline/q_empty plan=0.001539s scan=0.000001s files=0/20 ETA ~0.0 min (warm-up excluded)
[49/54] warm run=2 opt_a_checkpoint/q_main plan=0.001201s scan=0.005211s files=20/20 ETA ~0.0 min (warm-up excluded)
[50/54] warm run=2 opt_a_checkpoint/q_alt plan=0.001170s scan=0.005138s files=20/20 ETA ~0.0 min (warm-up excluded)
[51/54] warm run=2 opt_a_checkpoint/q_empty plan=0.001149s scan=0.000001s files=0/20 ETA ~0.0 min (warm-up excluded)
[52/54] warm run=2 opt_b_sorted/q_main plan=0.001095s scan=0.000307s files=1/20 ETA ~0.0 min (warm-up excluded)
[53/54] warm run=2 opt_b_sorted/q_alt plan=0.001128s scan=0.005148s files=20/20 ETA ~0.0 min (warm-up excluded)
[54/54] warm run=2 opt_b_sorted/q_empty plan=0.001125s scan=0.000001s files=0/20 ETA ~0.0 min (warm-up excluded)
Finished: /Users/nguyendat/Documents/VIN/LAB/metadata-scaling/results/results_MOCK.csv
