Preflight OK: S4; 180 measured rows. Cold=fresh process, OS cache retained. Warm=reopen DeltaTable each time.
[1/180] cold run=0 baseline/q_main plan=0.401788s scan=2.396168s files=8184/20000 ETA ~8.8 min (warm-up excluded)
[2/180] cold run=0 baseline/q_alt plan=0.335442s scan=5.549027s files=19876/20000 ETA ~13.3 min (warm-up excluded)
[3/180] cold run=0 baseline/q_empty plan=0.334647s scan=0.000002s files=0/20000 ETA ~9.3 min (warm-up excluded)
[4/180] cold run=0 opt_a_checkpoint/q_main plan=0.159425s scan=2.965043s files=8184/20000 ETA ~9.3 min (warm-up excluded)
[5/180] cold run=0 opt_a_checkpoint/q_alt plan=0.155591s scan=6.451767s files=19876/20000 ETA ~11.4 min (warm-up excluded)
[6/180] cold run=0 opt_a_checkpoint/q_empty plan=0.152868s scan=0.000001s files=0/20000 ETA ~9.6 min (warm-up excluded)
[7/180] cold run=0 opt_b_sorted/q_main plan=0.154692s scan=0.020144s files=10/20000 ETA ~8.3 min (warm-up excluded)
[8/180] cold run=0 opt_b_sorted/q_alt plan=0.160084s scan=5.116904s files=19888/20000 ETA ~9.2 min (warm-up excluded)
[9/180] cold run=0 opt_b_sorted/q_empty plan=0.156696s scan=0.000001s files=0/20000 ETA ~8.2 min (warm-up excluded)
[10/180] cold run=1 baseline/q_main plan=0.346293s scan=2.139152s files=8184/20000 ETA ~8.1 min (warm-up excluded)
[11/180] cold run=1 baseline/q_alt plan=0.331939s scan=5.349582s files=19876/20000 ETA ~8.4 min (warm-up excluded)
[12/180] cold run=1 baseline/q_empty plan=0.331045s scan=0.000002s files=0/20000 ETA ~8.0 min (warm-up excluded)
[13/180] cold run=1 opt_a_checkpoint/q_main plan=0.153303s scan=2.105285s files=8184/20000 ETA ~7.9 min (warm-up excluded)
[14/180] cold run=1 opt_a_checkpoint/q_alt plan=0.157737s scan=5.492120s files=19876/20000 ETA ~8.0 min (warm-up excluded)
[15/180] cold run=1 opt_a_checkpoint/q_empty plan=0.154053s scan=0.000001s files=0/20000 ETA ~7.7 min (warm-up excluded)
[16/180] cold run=1 opt_b_sorted/q_main plan=0.155203s scan=0.020365s files=10/20000 ETA ~7.5 min (warm-up excluded)
[17/180] cold run=1 opt_b_sorted/q_alt plan=0.159322s scan=5.096112s files=19888/20000 ETA ~7.6 min (warm-up excluded)
[18/180] cold run=1 opt_b_sorted/q_empty plan=0.155494s scan=0.000001s files=0/20000 ETA ~7.4 min (warm-up excluded)
[19/180] cold run=2 baseline/q_main plan=0.343825s scan=2.092690s files=8184/20000 ETA ~7.3 min (warm-up excluded)
[20/180] cold run=2 baseline/q_alt plan=0.338281s scan=5.190371s files=19876/20000 ETA ~7.5 min (warm-up excluded)
[21/180] cold run=2 baseline/q_empty plan=0.338728s scan=0.000002s files=0/20000 ETA ~7.3 min (warm-up excluded)
[22/180] cold run=2 opt_a_checkpoint/q_main plan=0.154525s scan=2.099106s files=8184/20000 ETA ~7.2 min (warm-up excluded)
[23/180] cold run=2 opt_a_checkpoint/q_alt plan=0.156053s scan=5.056374s files=19876/20000 ETA ~7.2 min (warm-up excluded)
[24/180] cold run=2 opt_a_checkpoint/q_empty plan=0.153337s scan=0.000001s files=0/20000 ETA ~7.0 min (warm-up excluded)
[25/180] cold run=2 opt_b_sorted/q_main plan=0.155520s scan=0.019503s files=10/20000 ETA ~6.9 min (warm-up excluded)
[26/180] cold run=2 opt_b_sorted/q_alt plan=0.160187s scan=5.115631s files=19888/20000 ETA ~7.0 min (warm-up excluded)
[27/180] cold run=2 opt_b_sorted/q_empty plan=0.155371s scan=0.000001s files=0/20000 ETA ~6.8 min (warm-up excluded)
[28/180] cold run=3 baseline/q_main plan=0.338290s scan=2.132378s files=8184/20000 ETA ~6.8 min (warm-up excluded)
[29/180] cold run=3 baseline/q_alt plan=0.334156s scan=5.128877s files=19876/20000 ETA ~6.8 min (warm-up excluded)
[30/180] cold run=3 baseline/q_empty plan=0.331602s scan=0.000002s files=0/20000 ETA ~6.7 min (warm-up excluded)
[31/180] cold run=3 opt_a_checkpoint/q_main plan=0.152528s scan=2.111212s files=8184/20000 ETA ~6.6 min (warm-up excluded)
[32/180] cold run=3 opt_a_checkpoint/q_alt plan=0.155310s scan=5.121418s files=19876/20000 ETA ~6.6 min (warm-up excluded)
[33/180] cold run=3 opt_a_checkpoint/q_empty plan=0.150450s scan=0.000002s files=0/20000 ETA ~6.5 min (warm-up excluded)
[34/180] cold run=3 opt_b_sorted/q_main plan=0.154952s scan=0.020173s files=10/20000 ETA ~6.4 min (warm-up excluded)
[35/180] cold run=3 opt_b_sorted/q_alt plan=0.162500s scan=5.272219s files=19888/20000 ETA ~6.5 min (warm-up excluded)
[36/180] cold run=3 opt_b_sorted/q_empty plan=0.153661s scan=0.000001s files=0/20000 ETA ~6.4 min (warm-up excluded)
[37/180] cold run=4 baseline/q_main plan=0.346122s scan=2.105809s files=8184/20000 ETA ~6.3 min (warm-up excluded)
[38/180] cold run=4 baseline/q_alt plan=0.341919s scan=5.209965s files=19876/20000 ETA ~6.3 min (warm-up excluded)
[39/180] cold run=4 baseline/q_empty plan=0.329268s scan=0.000001s files=0/20000 ETA ~6.2 min (warm-up excluded)
[40/180] cold run=4 opt_a_checkpoint/q_main plan=0.149284s scan=2.087099s files=8184/20000 ETA ~6.2 min (warm-up excluded)
[41/180] cold run=4 opt_a_checkpoint/q_alt plan=0.155420s scan=5.326535s files=19876/20000 ETA ~6.2 min (warm-up excluded)
[42/180] cold run=4 opt_a_checkpoint/q_empty plan=0.158683s scan=0.000001s files=0/20000 ETA ~6.1 min (warm-up excluded)
[43/180] cold run=4 opt_b_sorted/q_main plan=0.152986s scan=0.019915s files=10/20000 ETA ~6.0 min (warm-up excluded)
[44/180] cold run=4 opt_b_sorted/q_alt plan=0.163739s scan=5.568882s files=19888/20000 ETA ~6.0 min (warm-up excluded)
[45/180] cold run=4 opt_b_sorted/q_empty plan=0.185991s scan=0.000001s files=0/20000 ETA ~6.0 min (warm-up excluded)
[46/180] cold run=5 baseline/q_main plan=0.395524s scan=2.324451s files=8184/20000 ETA ~5.9 min (warm-up excluded)
[47/180] cold run=5 baseline/q_alt plan=0.342989s scan=5.881493s files=19876/20000 ETA ~5.9 min (warm-up excluded)
[48/180] cold run=5 baseline/q_empty plan=0.344196s scan=0.000002s files=0/20000 ETA ~5.9 min (warm-up excluded)
[49/180] cold run=5 opt_a_checkpoint/q_main plan=0.150625s scan=2.555581s files=8184/20000 ETA ~5.8 min (warm-up excluded)
[50/180] cold run=5 opt_a_checkpoint/q_alt plan=0.157728s scan=5.940115s files=19876/20000 ETA ~5.8 min (warm-up excluded)
[51/180] cold run=5 opt_a_checkpoint/q_empty plan=0.153714s scan=0.000001s files=0/20000 ETA ~5.8 min (warm-up excluded)
[52/180] cold run=5 opt_b_sorted/q_main plan=0.155949s scan=0.019420s files=10/20000 ETA ~5.7 min (warm-up excluded)
[53/180] cold run=5 opt_b_sorted/q_alt plan=0.162999s scan=5.177551s files=19888/20000 ETA ~5.7 min (warm-up excluded)
[54/180] cold run=5 opt_b_sorted/q_empty plan=0.162964s scan=0.000001s files=0/20000 ETA ~5.6 min (warm-up excluded)
[55/180] cold run=6 baseline/q_main plan=0.338100s scan=2.088214s files=8184/20000 ETA ~5.6 min (warm-up excluded)
[56/180] cold run=6 baseline/q_alt plan=0.341511s scan=5.176851s files=19876/20000 ETA ~5.5 min (warm-up excluded)
[57/180] cold run=6 baseline/q_empty plan=0.346366s scan=0.000002s files=0/20000 ETA ~5.5 min (warm-up excluded)
[58/180] cold run=6 opt_a_checkpoint/q_main plan=0.156406s scan=2.137436s files=8184/20000 ETA ~5.4 min (warm-up excluded)
[59/180] cold run=6 opt_a_checkpoint/q_alt plan=0.159668s scan=5.502518s files=19876/20000 ETA ~5.4 min (warm-up excluded)
[60/180] cold run=6 opt_a_checkpoint/q_empty plan=0.150735s scan=0.000001s files=0/20000 ETA ~5.3 min (warm-up excluded)
[61/180] cold run=6 opt_b_sorted/q_main plan=0.155740s scan=0.019975s files=10/20000 ETA ~5.3 min (warm-up excluded)
[62/180] cold run=6 opt_b_sorted/q_alt plan=0.161530s scan=5.182507s files=19888/20000 ETA ~5.3 min (warm-up excluded)
[63/180] cold run=6 opt_b_sorted/q_empty plan=0.157814s scan=0.000001s files=0/20000 ETA ~5.2 min (warm-up excluded)
[64/180] cold run=7 baseline/q_main plan=0.335940s scan=2.108617s files=8184/20000 ETA ~5.1 min (warm-up excluded)
[65/180] cold run=7 baseline/q_alt plan=0.343974s scan=5.453943s files=19876/20000 ETA ~5.1 min (warm-up excluded)
[66/180] cold run=7 baseline/q_empty plan=0.339271s scan=0.000002s files=0/20000 ETA ~5.1 min (warm-up excluded)
[67/180] cold run=7 opt_a_checkpoint/q_main plan=0.154130s scan=2.194908s files=8184/20000 ETA ~5.0 min (warm-up excluded)
[68/180] cold run=7 opt_a_checkpoint/q_alt plan=0.157814s scan=5.210322s files=19876/20000 ETA ~5.0 min (warm-up excluded)
[69/180] cold run=7 opt_a_checkpoint/q_empty plan=0.149840s scan=0.000001s files=0/20000 ETA ~4.9 min (warm-up excluded)
[70/180] cold run=7 opt_b_sorted/q_main plan=0.155271s scan=0.019082s files=10/20000 ETA ~4.9 min (warm-up excluded)
[71/180] cold run=7 opt_b_sorted/q_alt plan=0.161578s scan=5.213593s files=19888/20000 ETA ~4.8 min (warm-up excluded)
[72/180] cold run=7 opt_b_sorted/q_empty plan=0.160079s scan=0.000001s files=0/20000 ETA ~4.8 min (warm-up excluded)
[73/180] cold run=8 baseline/q_main plan=0.355280s scan=2.264556s files=8184/20000 ETA ~4.7 min (warm-up excluded)
[74/180] cold run=8 baseline/q_alt plan=0.341806s scan=5.193127s files=19876/20000 ETA ~4.7 min (warm-up excluded)
[75/180] cold run=8 baseline/q_empty plan=0.339875s scan=0.000002s files=0/20000 ETA ~4.7 min (warm-up excluded)
[76/180] cold run=8 opt_a_checkpoint/q_main plan=0.153690s scan=2.131902s files=8184/20000 ETA ~4.6 min (warm-up excluded)
[77/180] cold run=8 opt_a_checkpoint/q_alt plan=0.161997s scan=5.139182s files=19876/20000 ETA ~4.6 min (warm-up excluded)
[78/180] cold run=8 opt_a_checkpoint/q_empty plan=0.152168s scan=0.000001s files=0/20000 ETA ~4.5 min (warm-up excluded)
[79/180] cold run=8 opt_b_sorted/q_main plan=0.156255s scan=0.020493s files=10/20000 ETA ~4.5 min (warm-up excluded)
[80/180] cold run=8 opt_b_sorted/q_alt plan=0.158081s scan=5.361371s files=19888/20000 ETA ~4.4 min (warm-up excluded)
[81/180] cold run=8 opt_b_sorted/q_empty plan=0.173407s scan=0.000001s files=0/20000 ETA ~4.4 min (warm-up excluded)
[82/180] cold run=9 baseline/q_main plan=0.356677s scan=2.489044s files=8184/20000 ETA ~4.3 min (warm-up excluded)
[83/180] cold run=9 baseline/q_alt plan=0.347499s scan=5.534292s files=19876/20000 ETA ~4.3 min (warm-up excluded)
[84/180] cold run=9 baseline/q_empty plan=0.332833s scan=0.000002s files=0/20000 ETA ~4.3 min (warm-up excluded)
[85/180] cold run=9 opt_a_checkpoint/q_main plan=0.157017s scan=2.828015s files=8184/20000 ETA ~4.2 min (warm-up excluded)
[86/180] cold run=9 opt_a_checkpoint/q_alt plan=0.156980s scan=6.211465s files=19876/20000 ETA ~4.2 min (warm-up excluded)
[87/180] cold run=9 opt_a_checkpoint/q_empty plan=0.150450s scan=0.000001s files=0/20000 ETA ~4.1 min (warm-up excluded)
[88/180] cold run=9 opt_b_sorted/q_main plan=0.151768s scan=0.020538s files=10/20000 ETA ~4.1 min (warm-up excluded)
[89/180] cold run=9 opt_b_sorted/q_alt plan=0.160396s scan=5.226888s files=19888/20000 ETA ~4.1 min (warm-up excluded)
[90/180] cold run=9 opt_b_sorted/q_empty plan=0.152394s scan=0.000001s files=0/20000 ETA ~4.0 min (warm-up excluded)
[91/180] warm run=0 baseline/q_main plan=0.207719s scan=2.238917s files=8184/20000 ETA ~3.9 min (warm-up excluded)
[92/180] warm run=0 baseline/q_alt plan=0.232240s scan=5.685249s files=19876/20000 ETA ~4.4 min (warm-up excluded)
[93/180] warm run=0 baseline/q_empty plan=0.230961s scan=0.000003s files=0/20000 ETA ~4.0 min (warm-up excluded)
[94/180] warm run=0 opt_a_checkpoint/q_main plan=0.022416s scan=3.035780s files=8184/20000 ETA ~4.0 min (warm-up excluded)
[95/180] warm run=0 opt_a_checkpoint/q_alt plan=0.021264s scan=6.499787s files=19876/20000 ETA ~4.5 min (warm-up excluded)
[96/180] warm run=0 opt_a_checkpoint/q_empty plan=0.017590s scan=0.000002s files=0/20000 ETA ~4.1 min (warm-up excluded)
[97/180] warm run=0 opt_b_sorted/q_main plan=0.018790s scan=0.003671s files=10/20000 ETA ~3.6 min (warm-up excluded)
[98/180] warm run=0 opt_b_sorted/q_alt plan=0.023885s scan=5.370028s files=19888/20000 ETA ~4.0 min (warm-up excluded)
[99/180] warm run=0 opt_b_sorted/q_empty plan=0.019399s scan=0.000002s files=0/20000 ETA ~3.5 min (warm-up excluded)
[100/180] warm run=1 baseline/q_main plan=0.209175s scan=2.173134s files=8184/20000 ETA ~3.5 min (warm-up excluded)
[101/180] warm run=1 baseline/q_alt plan=0.215633s scan=5.442765s files=19876/20000 ETA ~3.4 min (warm-up excluded)
[102/180] warm run=1 baseline/q_empty plan=0.217874s scan=0.000003s files=0/20000 ETA ~3.4 min (warm-up excluded)
[103/180] warm run=1 opt_a_checkpoint/q_main plan=0.017819s scan=2.171130s files=8184/20000 ETA ~3.3 min (warm-up excluded)
[104/180] warm run=1 opt_a_checkpoint/q_alt plan=0.022101s scan=5.957985s files=19876/20000 ETA ~3.1 min (warm-up excluded)
[105/180] warm run=1 opt_a_checkpoint/q_empty plan=0.018121s scan=0.000002s files=0/20000 ETA ~3.1 min (warm-up excluded)
[106/180] warm run=1 opt_b_sorted/q_main plan=0.019749s scan=0.003620s files=10/20000 ETA ~3.1 min (warm-up excluded)
[107/180] warm run=1 opt_b_sorted/q_alt plan=0.024880s scan=5.417682s files=19888/20000 ETA ~3.0 min (warm-up excluded)
[108/180] warm run=1 opt_b_sorted/q_empty plan=0.019228s scan=0.000001s files=0/20000 ETA ~3.0 min (warm-up excluded)
[109/180] warm run=2 baseline/q_main plan=0.201668s scan=2.200151s files=8184/20000 ETA ~3.0 min (warm-up excluded)
[110/180] warm run=2 baseline/q_alt plan=0.218045s scan=5.398829s files=19876/20000 ETA ~2.9 min (warm-up excluded)
[111/180] warm run=2 baseline/q_empty plan=0.222746s scan=0.000003s files=0/20000 ETA ~2.9 min (warm-up excluded)
[112/180] warm run=2 opt_a_checkpoint/q_main plan=0.018900s scan=2.180227s files=8184/20000 ETA ~2.8 min (warm-up excluded)
[113/180] warm run=2 opt_a_checkpoint/q_alt plan=0.020902s scan=6.132571s files=19876/20000 ETA ~2.7 min (warm-up excluded)
[114/180] warm run=2 opt_a_checkpoint/q_empty plan=0.017555s scan=0.000002s files=0/20000 ETA ~2.7 min (warm-up excluded)
[115/180] warm run=2 opt_b_sorted/q_main plan=0.020075s scan=0.003282s files=10/20000 ETA ~2.7 min (warm-up excluded)
[116/180] warm run=2 opt_b_sorted/q_alt plan=0.023799s scan=5.620457s files=19888/20000 ETA ~2.6 min (warm-up excluded)
[117/180] warm run=2 opt_b_sorted/q_empty plan=0.020087s scan=0.000003s files=0/20000 ETA ~2.6 min (warm-up excluded)
[118/180] warm run=3 baseline/q_main plan=0.203111s scan=2.510902s files=8184/20000 ETA ~2.6 min (warm-up excluded)
[119/180] warm run=3 baseline/q_alt plan=0.224996s scan=5.518733s files=19876/20000 ETA ~2.5 min (warm-up excluded)
[120/180] warm run=3 baseline/q_empty plan=0.240943s scan=0.000002s files=0/20000 ETA ~2.5 min (warm-up excluded)
[121/180] warm run=3 opt_a_checkpoint/q_main plan=0.018334s scan=2.958008s files=8184/20000 ETA ~2.5 min (warm-up excluded)
[122/180] warm run=3 opt_a_checkpoint/q_alt plan=0.021755s scan=6.678931s files=19876/20000 ETA ~2.4 min (warm-up excluded)
[123/180] warm run=3 opt_a_checkpoint/q_empty plan=0.020076s scan=0.000002s files=0/20000 ETA ~2.4 min (warm-up excluded)
[124/180] warm run=3 opt_b_sorted/q_main plan=0.020126s scan=0.004159s files=10/20000 ETA ~2.4 min (warm-up excluded)
[125/180] warm run=3 opt_b_sorted/q_alt plan=0.025449s scan=5.688174s files=19888/20000 ETA ~2.3 min (warm-up excluded)
[126/180] warm run=3 opt_b_sorted/q_empty plan=0.019022s scan=0.000002s files=0/20000 ETA ~2.3 min (warm-up excluded)
[127/180] warm run=4 baseline/q_main plan=0.209634s scan=2.158774s files=8184/20000 ETA ~2.3 min (warm-up excluded)
[128/180] warm run=4 baseline/q_alt plan=0.244361s scan=5.753141s files=19876/20000 ETA ~2.2 min (warm-up excluded)
[129/180] warm run=4 baseline/q_empty plan=0.227693s scan=0.000003s files=0/20000 ETA ~2.2 min (warm-up excluded)
[130/180] warm run=4 opt_a_checkpoint/q_main plan=0.020473s scan=2.961883s files=8184/20000 ETA ~2.1 min (warm-up excluded)
[131/180] warm run=4 opt_a_checkpoint/q_alt plan=0.021566s scan=6.330671s files=19876/20000 ETA ~2.0 min (warm-up excluded)
[132/180] warm run=4 opt_a_checkpoint/q_empty plan=0.018454s scan=0.000002s files=0/20000 ETA ~2.0 min (warm-up excluded)
[133/180] warm run=4 opt_b_sorted/q_main plan=0.018885s scan=0.003568s files=10/20000 ETA ~2.0 min (warm-up excluded)
[134/180] warm run=4 opt_b_sorted/q_alt plan=0.023182s scan=5.664182s files=19888/20000 ETA ~1.9 min (warm-up excluded)
[135/180] warm run=4 opt_b_sorted/q_empty plan=0.019524s scan=0.000001s files=0/20000 ETA ~1.9 min (warm-up excluded)
[136/180] warm run=5 baseline/q_main plan=0.209265s scan=2.175132s files=8184/20000 ETA ~1.9 min (warm-up excluded)
[137/180] warm run=5 baseline/q_alt plan=0.212759s scan=5.628016s files=19876/20000 ETA ~1.8 min (warm-up excluded)
[138/180] warm run=5 baseline/q_empty plan=0.217717s scan=0.000002s files=0/20000 ETA ~1.8 min (warm-up excluded)
[139/180] warm run=5 opt_a_checkpoint/q_main plan=0.018594s scan=2.202808s files=8184/20000 ETA ~1.7 min (warm-up excluded)
[140/180] warm run=5 opt_a_checkpoint/q_alt plan=0.021072s scan=6.443075s files=19876/20000 ETA ~1.6 min (warm-up excluded)
[141/180] warm run=5 opt_a_checkpoint/q_empty plan=0.017366s scan=0.000002s files=0/20000 ETA ~1.6 min (warm-up excluded)
[142/180] warm run=5 opt_b_sorted/q_main plan=0.018283s scan=0.003022s files=10/20000 ETA ~1.6 min (warm-up excluded)
[143/180] warm run=5 opt_b_sorted/q_alt plan=0.024039s scan=5.757795s files=19888/20000 ETA ~1.5 min (warm-up excluded)
[144/180] warm run=5 opt_b_sorted/q_empty plan=0.019188s scan=0.000002s files=0/20000 ETA ~1.5 min (warm-up excluded)
[145/180] warm run=6 baseline/q_main plan=0.230716s scan=2.480424s files=8184/20000 ETA ~1.5 min (warm-up excluded)
[146/180] warm run=6 baseline/q_alt plan=0.206494s scan=5.638247s files=19876/20000 ETA ~1.4 min (warm-up excluded)
[147/180] warm run=6 baseline/q_empty plan=0.225333s scan=0.000003s files=0/20000 ETA ~1.4 min (warm-up excluded)
[148/180] warm run=6 opt_a_checkpoint/q_main plan=0.019070s scan=2.304231s files=8184/20000 ETA ~1.4 min (warm-up excluded)
[149/180] warm run=6 opt_a_checkpoint/q_alt plan=0.020839s scan=6.202353s files=19876/20000 ETA ~1.2 min (warm-up excluded)
[150/180] warm run=6 opt_a_checkpoint/q_empty plan=0.018821s scan=0.000003s files=0/20000 ETA ~1.2 min (warm-up excluded)
[151/180] warm run=6 opt_b_sorted/q_main plan=0.018638s scan=0.003144s files=10/20000 ETA ~1.2 min (warm-up excluded)
[152/180] warm run=6 opt_b_sorted/q_alt plan=0.023746s scan=5.351918s files=19888/20000 ETA ~1.2 min (warm-up excluded)
[153/180] warm run=6 opt_b_sorted/q_empty plan=0.019006s scan=0.000002s files=0/20000 ETA ~1.2 min (warm-up excluded)
[154/180] warm run=7 baseline/q_main plan=0.222127s scan=2.165183s files=8184/20000 ETA ~1.1 min (warm-up excluded)
[155/180] warm run=7 baseline/q_alt plan=0.215168s scan=5.476822s files=19876/20000 ETA ~1.0 min (warm-up excluded)
[156/180] warm run=7 baseline/q_empty plan=0.222783s scan=0.000003s files=0/20000 ETA ~1.0 min (warm-up excluded)
[157/180] warm run=7 opt_a_checkpoint/q_main plan=0.018632s scan=2.736904s files=8184/20000 ETA ~1.0 min (warm-up excluded)
[158/180] warm run=7 opt_a_checkpoint/q_alt plan=0.021390s scan=6.341091s files=19876/20000 ETA ~0.9 min (warm-up excluded)
[159/180] warm run=7 opt_a_checkpoint/q_empty plan=0.017190s scan=0.000002s files=0/20000 ETA ~0.9 min (warm-up excluded)
[160/180] warm run=7 opt_b_sorted/q_main plan=0.019066s scan=0.003730s files=10/20000 ETA ~0.9 min (warm-up excluded)
[161/180] warm run=7 opt_b_sorted/q_alt plan=0.023066s scan=6.215330s files=19888/20000 ETA ~0.8 min (warm-up excluded)
[162/180] warm run=7 opt_b_sorted/q_empty plan=0.020001s scan=0.000002s files=0/20000 ETA ~0.8 min (warm-up excluded)
[163/180] warm run=8 baseline/q_main plan=0.228028s scan=2.303167s files=8184/20000 ETA ~0.7 min (warm-up excluded)
[164/180] warm run=8 baseline/q_alt plan=0.219848s scan=5.384815s files=19876/20000 ETA ~0.6 min (warm-up excluded)
[165/180] warm run=8 baseline/q_empty plan=0.211657s scan=0.000003s files=0/20000 ETA ~0.6 min (warm-up excluded)
[166/180] warm run=8 opt_a_checkpoint/q_main plan=0.018588s scan=2.172618s files=8184/20000 ETA ~0.6 min (warm-up excluded)
[167/180] warm run=8 opt_a_checkpoint/q_alt plan=0.020263s scan=5.985193s files=19876/20000 ETA ~0.5 min (warm-up excluded)
[168/180] warm run=8 opt_a_checkpoint/q_empty plan=0.018785s scan=0.000002s files=0/20000 ETA ~0.5 min (warm-up excluded)
[169/180] warm run=8 opt_b_sorted/q_main plan=0.018754s scan=0.003326s files=10/20000 ETA ~0.5 min (warm-up excluded)
[170/180] warm run=8 opt_b_sorted/q_alt plan=0.024502s scan=5.267639s files=19888/20000 ETA ~0.4 min (warm-up excluded)
[171/180] warm run=8 opt_b_sorted/q_empty plan=0.019115s scan=0.000002s files=0/20000 ETA ~0.4 min (warm-up excluded)
[172/180] warm run=9 baseline/q_main plan=0.210943s scan=2.239208s files=8184/20000 ETA ~0.3 min (warm-up excluded)
[173/180] warm run=9 baseline/q_alt plan=0.210558s scan=5.328434s files=19876/20000 ETA ~0.2 min (warm-up excluded)
[174/180] warm run=9 baseline/q_empty plan=0.207253s scan=0.000003s files=0/20000 ETA ~0.2 min (warm-up excluded)
[175/180] warm run=9 opt_a_checkpoint/q_main plan=0.018555s scan=2.163200s files=8184/20000 ETA ~0.2 min (warm-up excluded)
[176/180] warm run=9 opt_a_checkpoint/q_alt plan=0.021846s scan=5.287571s files=19876/20000 ETA ~0.1 min (warm-up excluded)
[177/180] warm run=9 opt_a_checkpoint/q_empty plan=0.018209s scan=0.000002s files=0/20000 ETA ~0.1 min (warm-up excluded)
[178/180] warm run=9 opt_b_sorted/q_main plan=0.018854s scan=0.003081s files=10/20000 ETA ~0.1 min (warm-up excluded)
[179/180] warm run=9 opt_b_sorted/q_alt plan=0.023303s scan=5.288310s files=19888/20000 ETA ~0.0 min (warm-up excluded)
[180/180] warm run=9 opt_b_sorted/q_empty plan=0.018781s scan=0.000002s files=0/20000 ETA ~0.0 min (warm-up excluded)
Finished: /Users/nguyendat/Documents/VIN/LAB/metadata-scaling/results/results_S4.csv
